<?xml version="1.0" encoding="utf-8"?>
<TestRun id="4087b7b0-76e6-441e-af38-cd6a2637c1e8" name="Administrator@DESKTOP-V1Q1BFU 2025-05-10 13:16:49" runUser="DESKTOP-V1Q1BFU\Administrator" xmlns="http://microsoft.com/schemas/VisualStudio/TeamTest/2010">
  <Times creation="2025-05-10T13:16:49.7680558+03:00" queuing="2025-05-10T13:16:49.7680567+03:00" start="2025-05-10T13:16:49.0240772+03:00" finish="2025-05-10T13:16:49.7765374+03:00" />
  <TestSettings name="default" id="6bae6256-b198-4106-b7bd-686a6e92ef1a">
    <Deployment runDeploymentRoot="Administrator_DESKTOP-V1Q1BFU_2025-05-10_13_16_49" />
  </TestSettings>
  <Results>
    <UnitTestResult executionId="92ee881f-9f82-48cc-bbd2-45d47c5ace65" testId="c7c19446-dbbc-322e-cee6-2492b6e1827b" testName="FlowOrchestrator.Orchestrator.Tests.UnitTest1.Test1" computerName="DESKTOP-V1Q1BFU" duration="00:00:00.0020672" startTime="2025-05-10T13:16:49.6422572+03:00" endTime="2025-05-10T13:16:49.6422754+03:00" testType="13cdc9d9-ddb5-4fa4-a97d-d965ccfc6d4b" outcome="Passed" testListId="8c84fa94-04c1-424b-9868-57a2d4851a1d" relativeResultsDirectory="92ee881f-9f82-48cc-bbd2-45d47c5ace65" />
  </Results>
  <TestDefinitions>
    <UnitTest name="FlowOrchestrator.Orchestrator.Tests.UnitTest1.Test1" storage="c:\users\administrator\documents\cline\flowarchitecturesystem\design13\tests\unit\floworchestrator.orchestrator.tests\bin\debug\net9.0\floworchestrator.orchestrator.tests.dll" id="c7c19446-dbbc-322e-cee6-2492b6e1827b">
      <Execution id="92ee881f-9f82-48cc-bbd2-45d47c5ace65" />
      <TestMethod codeBase="C:\Users\Administrator\Documents\Cline\FlowArchitectureSystem\Design13\tests\Unit\FlowOrchestrator.Orchestrator.Tests\bin\Debug\net9.0\FlowOrchestrator.Orchestrator.Tests.dll" adapterTypeName="executor://xunit/VsTestRunner2/netcoreapp" className="FlowOrchestrator.Orchestrator.Tests.UnitTest1" name="Test1" />
    </UnitTest>
  </TestDefinitions>
  <TestEntries>
    <TestEntry testId="c7c19446-dbbc-322e-cee6-2492b6e1827b" executionId="92ee881f-9f82-48cc-bbd2-45d47c5ace65" testListId="8c84fa94-04c1-424b-9868-57a2d4851a1d" />
  </TestEntries>
  <TestLists>
    <TestList name="Results Not in a List" id="8c84fa94-04c1-424b-9868-57a2d4851a1d" />
    <TestList name="All Loaded Results" id="19431567-8539-422a-85d7-44ee4e166bda" />
  </TestLists>
  <ResultSummary outcome="Completed">
    <Counters total="1" executed="1" passed="1" failed="0" error="0" timeout="0" aborted="0" inconclusive="0" passedButRunAborted="0" notRunnable="0" notExecuted="0" disconnected="0" warning="0" completed="0" inProgress="0" pending="0" />
    <Output>
      <StdOut>[xUnit.net 00:00:00.00] xUnit.net VSTest Adapter v2.8.2+699d445a1a (64-bit .NET 9.0.3)&#xD;
[xUnit.net 00:00:00.08]   Discovering: FlowOrchestrator.Orchestrator.Tests&#xD;
[xUnit.net 00:00:00.11]   Discovered:  FlowOrchestrator.Orchestrator.Tests&#xD;
[xUnit.net 00:00:00.12]   Starting:    FlowOrchestrator.Orchestrator.Tests&#xD;
[xUnit.net 00:00:00.17]   Finished:    FlowOrchestrator.Orchestrator.Tests&#xD;
</StdOut>
    </Output>
  </ResultSummary>
</TestRun>